------------------------------------------------------------
TimeQuest Timing Analyzer Summary
------------------------------------------------------------

Type  : Slow 1200mV 85C Model Setup 'ds18b20_drive:ds18b20_u0|clk_1us'
Slack : -5.472
TNS   : -167.129

Type  : Slow 1200mV 85C Model Setup 'CLOCK_50'
Slack : -3.446
TNS   : -66.212

Type  : Slow 1200mV 85C Model Hold 'ds18b20_drive:ds18b20_u0|clk_1us'
Slack : 0.452
TNS   : 0.000

Type  : Slow 1200mV 85C Model Hold 'CLOCK_50'
Slack : 0.465
TNS   : 0.000

Type  : Slow 1200mV 85C Model Minimum Pulse Width 'CLOCK_50'
Slack : -3.000
TNS   : -52.071

Type  : Slow 1200mV 85C Model Minimum Pulse Width 'ds18b20_drive:ds18b20_u0|clk_1us'
Slack : -1.487
TNS   : -89.220

Type  : Slow 1200mV 0C Model Setup 'ds18b20_drive:ds18b20_u0|clk_1us'
Slack : -5.144
TNS   : -151.644

Type  : Slow 1200mV 0C Model Setup 'CLOCK_50'
Slack : -3.245
TNS   : -59.344

Type  : Slow 1200mV 0C Model Hold 'ds18b20_drive:ds18b20_u0|clk_1us'
Slack : 0.400
TNS   : 0.000

Type  : Slow 1200mV 0C Model Hold 'CLOCK_50'
Slack : 0.416
TNS   : 0.000

Type  : Slow 1200mV 0C Model Minimum Pulse Width 'CLOCK_50'
Slack : -3.000
TNS   : -52.071

Type  : Slow 1200mV 0C Model Minimum Pulse Width 'ds18b20_drive:ds18b20_u0|clk_1us'
Slack : -1.487
TNS   : -89.220

Type  : Fast 1200mV 0C Model Setup 'ds18b20_drive:ds18b20_u0|clk_1us'
Slack : -1.933
TNS   : -42.016

Type  : Fast 1200mV 0C Model Setup 'CLOCK_50'
Slack : -1.028
TNS   : -12.338

Type  : Fast 1200mV 0C Model Hold 'ds18b20_drive:ds18b20_u0|clk_1us'
Slack : 0.186
TNS   : 0.000

Type  : Fast 1200mV 0C Model Hold 'CLOCK_50'
Slack : 0.194
TNS   : 0.000

Type  : Fast 1200mV 0C Model Minimum Pulse Width 'CLOCK_50'
Slack : -3.000
TNS   : -45.786

Type  : Fast 1200mV 0C Model Minimum Pulse Width 'ds18b20_drive:ds18b20_u0|clk_1us'
Slack : -1.000
TNS   : -60.000

------------------------------------------------------------
