------------------------------------------------------------
TimeQuest Timing Analyzer Summary
------------------------------------------------------------

Type  : Slow 1200mV 85C Model Setup 'clk'
Slack : -2.326
TNS   : -23.779

Type  : Slow 1200mV 85C Model Setup 'Count'
Slack : -1.224
TNS   : -3.950

Type  : Slow 1200mV 85C Model Hold 'clk'
Slack : -0.063
TNS   : -0.063

Type  : Slow 1200mV 85C Model Hold 'Count'
Slack : 0.916
TNS   : 0.000

Type  : Slow 1200mV 85C Model Minimum Pulse Width 'clk'
Slack : -3.000
TNS   : -20.844

Type  : Slow 1200mV 85C Model Minimum Pulse Width 'Count'
Slack : -1.487
TNS   : -5.948

Type  : Slow 1200mV 0C Model Setup 'clk'
Slack : -2.071
TNS   : -20.950

Type  : Slow 1200mV 0C Model Setup 'Count'
Slack : -1.042
TNS   : -3.282

Type  : Slow 1200mV 0C Model Hold 'clk'
Slack : 0.017
TNS   : 0.000

Type  : Slow 1200mV 0C Model Hold 'Count'
Slack : 0.840
TNS   : 0.000

Type  : Slow 1200mV 0C Model Minimum Pulse Width 'clk'
Slack : -3.000
TNS   : -20.844

Type  : Slow 1200mV 0C Model Minimum Pulse Width 'Count'
Slack : -1.487
TNS   : -5.948

Type  : Fast 1200mV 0C Model Setup 'clk'
Slack : -0.390
TNS   : -3.396

Type  : Fast 1200mV 0C Model Setup 'Count'
Slack : 0.065
TNS   : 0.000

Type  : Fast 1200mV 0C Model Hold 'clk'
Slack : -0.128
TNS   : -0.128

Type  : Fast 1200mV 0C Model Hold 'Count'
Slack : 0.378
TNS   : 0.000

Type  : Fast 1200mV 0C Model Minimum Pulse Width 'clk'
Slack : -3.000
TNS   : -18.624

Type  : Fast 1200mV 0C Model Minimum Pulse Width 'Count'
Slack : -1.000
TNS   : -4.000

------------------------------------------------------------
